// Vitest Snapshot v1, https://vitest.dev/guide/snapshot.html

exports[`Vue Rating Input > shoud load Composer component 1`] = `
"<div data-v-241505e3=\\"\\" class=\\"rating-input\\">
  <div data-v-241505e3=\\"\\" class=\\"rating-input__items\\"><span data-v-241505e3=\\"\\" type=\\"button\\" class=\\"rating-input__item\\"><svg data-v-4210ace4=\\"\\" class=\\"rating-svg-icon\\" fill=\\"#ffb74b\\" height=\\"2rem\\" width=\\"2rem\\"><use data-v-4210ace4=\\"\\" xlink:href=\\"#outline\\"></use></svg><!--teleport start--><!--teleport end--></span><span data-v-241505e3=\\"\\" type=\\"button\\" class=\\"rating-input__item\\"><svg data-v-4210ace4=\\"\\" class=\\"rating-svg-icon\\" fill=\\"#ffb74b\\" height=\\"2rem\\" width=\\"2rem\\"><use data-v-4210ace4=\\"\\" xlink:href=\\"#outline\\"></use></svg><!--teleport start--><div data-v-4210ace4=\\"\\" class=\\"rating-svg-icons__defs\\"><svg data-v-4210ace4=\\"\\" xmlns=\\"http://www.w3.org/2000/svg\\" xmlns:xlink=\\"http://www.w3.org/1999/xlink\\"><defs data-v-4210ace4=\\"\\"><symbol data-v-4210ace4=\\"\\" viewBox=\\"0 0 14 13\\" id=\\"outline\\"><path data-v-4210ace4=\\"\\" fill-rule=\\"evenodd\\" d=\\"M13.85 4.96a.38.38 0 0 0-.34-.27l-4.18-.3L7.75.32A.38.38 0 0 0 7.4.08a.38.38 0 0 0-.35.25L5.5 4.38l-4.2.3a.38.38 0 0 0-.32.27.4.4 0 0 0 .11.43l3.22 2.8-1.02 4.25a.4.4 0 0 0 .14.41.36.36 0 0 0 .42.02l3.56-2.32 3.56 2.32c.06.04.13.06.2.06a.38.38 0 0 0 .22-.08.4.4 0 0 0 .15-.41L10.5 8.19l3.22-2.81a.4.4 0 0 0 .12-.42Zm-7.82.14-3.8.28 2.92 2.54-.9 3.77L7.4 9.63l3.16 2.06-.9-3.77 2.9-2.54L8.8 5.1 7.4 1.53 6.03 5.1Z\\" clip-rule=\\"evenodd\\"></path></symbol><symbol data-v-4210ace4=\\"\\" viewBox=\\"0 0 14 13\\" id=\\"solid\\"><path data-v-4210ace4=\\"\\" fill-rule=\\"evenodd\\" d=\\"M13.48 4.96a.38.38 0 0 0-.33-.27l-4.19-.3L7.4.32a.38.38 0 0 0-.35-.25.38.38 0 0 0-.34.25L5.12 4.38l-4.18.3a.38.38 0 0 0-.33.28.4.4 0 0 0 .11.42l3.22 2.8-1.02 4.25a.4.4 0 0 0 .14.41.37.37 0 0 0 .43.02l3.56-2.32 3.55 2.32a.36.36 0 0 0 .42-.02.4.4 0 0 0 .15-.41l-1.02-4.24 3.22-2.81a.4.4 0 0 0 .11-.42Z\\" clip-rule=\\"evenodd\\"></path></symbol></defs></svg></div><!--teleport end--></span><span data-v-241505e3=\\"\\" type=\\"button\\" class=\\"rating-input__item\\"><svg data-v-4210ace4=\\"\\" class=\\"rating-svg-icon\\" fill=\\"#ffb74b\\" height=\\"2rem\\" width=\\"2rem\\"><use data-v-4210ace4=\\"\\" xlink:href=\\"#outline\\"></use></svg><!--teleport start--><div data-v-4210ace4=\\"\\" class=\\"rating-svg-icons__defs\\"><svg data-v-4210ace4=\\"\\" xmlns=\\"http://www.w3.org/2000/svg\\" xmlns:xlink=\\"http://www.w3.org/1999/xlink\\"><defs data-v-4210ace4=\\"\\"><symbol data-v-4210ace4=\\"\\" viewBox=\\"0 0 14 13\\" id=\\"outline\\"><path data-v-4210ace4=\\"\\" fill-rule=\\"evenodd\\" d=\\"M13.85 4.96a.38.38 0 0 0-.34-.27l-4.18-.3L7.75.32A.38.38 0 0 0 7.4.08a.38.38 0 0 0-.35.25L5.5 4.38l-4.2.3a.38.38 0 0 0-.32.27.4.4 0 0 0 .11.43l3.22 2.8-1.02 4.25a.4.4 0 0 0 .14.41.36.36 0 0 0 .42.02l3.56-2.32 3.56 2.32c.06.04.13.06.2.06a.38.38 0 0 0 .22-.08.4.4 0 0 0 .15-.41L10.5 8.19l3.22-2.81a.4.4 0 0 0 .12-.42Zm-7.82.14-3.8.28 2.92 2.54-.9 3.77L7.4 9.63l3.16 2.06-.9-3.77 2.9-2.54L8.8 5.1 7.4 1.53 6.03 5.1Z\\" clip-rule=\\"evenodd\\"></path></symbol><symbol data-v-4210ace4=\\"\\" viewBox=\\"0 0 14 13\\" id=\\"solid\\"><path data-v-4210ace4=\\"\\" fill-rule=\\"evenodd\\" d=\\"M13.48 4.96a.38.38 0 0 0-.33-.27l-4.19-.3L7.4.32a.38.38 0 0 0-.35-.25.38.38 0 0 0-.34.25L5.12 4.38l-4.18.3a.38.38 0 0 0-.33.28.4.4 0 0 0 .11.42l3.22 2.8-1.02 4.25a.4.4 0 0 0 .14.41.37.37 0 0 0 .43.02l3.56-2.32 3.55 2.32a.36.36 0 0 0 .42-.02.4.4 0 0 0 .15-.41l-1.02-4.24 3.22-2.81a.4.4 0 0 0 .11-.42Z\\" clip-rule=\\"evenodd\\"></path></symbol></defs></svg></div><!--teleport end--></span><span data-v-241505e3=\\"\\" type=\\"button\\" class=\\"rating-input__item\\"><svg data-v-4210ace4=\\"\\" class=\\"rating-svg-icon\\" fill=\\"#ffb74b\\" height=\\"2rem\\" width=\\"2rem\\"><use data-v-4210ace4=\\"\\" xlink:href=\\"#outline\\"></use></svg><!--teleport start--><div data-v-4210ace4=\\"\\" class=\\"rating-svg-icons__defs\\"><svg data-v-4210ace4=\\"\\" xmlns=\\"http://www.w3.org/2000/svg\\" xmlns:xlink=\\"http://www.w3.org/1999/xlink\\"><defs data-v-4210ace4=\\"\\"><symbol data-v-4210ace4=\\"\\" viewBox=\\"0 0 14 13\\" id=\\"outline\\"><path data-v-4210ace4=\\"\\" fill-rule=\\"evenodd\\" d=\\"M13.85 4.96a.38.38 0 0 0-.34-.27l-4.18-.3L7.75.32A.38.38 0 0 0 7.4.08a.38.38 0 0 0-.35.25L5.5 4.38l-4.2.3a.38.38 0 0 0-.32.27.4.4 0 0 0 .11.43l3.22 2.8-1.02 4.25a.4.4 0 0 0 .14.41.36.36 0 0 0 .42.02l3.56-2.32 3.56 2.32c.06.04.13.06.2.06a.38.38 0 0 0 .22-.08.4.4 0 0 0 .15-.41L10.5 8.19l3.22-2.81a.4.4 0 0 0 .12-.42Zm-7.82.14-3.8.28 2.92 2.54-.9 3.77L7.4 9.63l3.16 2.06-.9-3.77 2.9-2.54L8.8 5.1 7.4 1.53 6.03 5.1Z\\" clip-rule=\\"evenodd\\"></path></symbol><symbol data-v-4210ace4=\\"\\" viewBox=\\"0 0 14 13\\" id=\\"solid\\"><path data-v-4210ace4=\\"\\" fill-rule=\\"evenodd\\" d=\\"M13.48 4.96a.38.38 0 0 0-.33-.27l-4.19-.3L7.4.32a.38.38 0 0 0-.35-.25.38.38 0 0 0-.34.25L5.12 4.38l-4.18.3a.38.38 0 0 0-.33.28.4.4 0 0 0 .11.42l3.22 2.8-1.02 4.25a.4.4 0 0 0 .14.41.37.37 0 0 0 .43.02l3.56-2.32 3.55 2.32a.36.36 0 0 0 .42-.02.4.4 0 0 0 .15-.41l-1.02-4.24 3.22-2.81a.4.4 0 0 0 .11-.42Z\\" clip-rule=\\"evenodd\\"></path></symbol></defs></svg></div><!--teleport end--></span><span data-v-241505e3=\\"\\" type=\\"button\\" class=\\"rating-input__item\\"><svg data-v-4210ace4=\\"\\" class=\\"rating-svg-icon\\" fill=\\"#ffb74b\\" height=\\"2rem\\" width=\\"2rem\\"><use data-v-4210ace4=\\"\\" xlink:href=\\"#outline\\"></use></svg><!--teleport start--><div data-v-4210ace4=\\"\\" class=\\"rating-svg-icons__defs\\"><svg data-v-4210ace4=\\"\\" xmlns=\\"http://www.w3.org/2000/svg\\" xmlns:xlink=\\"http://www.w3.org/1999/xlink\\"><defs data-v-4210ace4=\\"\\"><symbol data-v-4210ace4=\\"\\" viewBox=\\"0 0 14 13\\" id=\\"outline\\"><path data-v-4210ace4=\\"\\" fill-rule=\\"evenodd\\" d=\\"M13.85 4.96a.38.38 0 0 0-.34-.27l-4.18-.3L7.75.32A.38.38 0 0 0 7.4.08a.38.38 0 0 0-.35.25L5.5 4.38l-4.2.3a.38.38 0 0 0-.32.27.4.4 0 0 0 .11.43l3.22 2.8-1.02 4.25a.4.4 0 0 0 .14.41.36.36 0 0 0 .42.02l3.56-2.32 3.56 2.32c.06.04.13.06.2.06a.38.38 0 0 0 .22-.08.4.4 0 0 0 .15-.41L10.5 8.19l3.22-2.81a.4.4 0 0 0 .12-.42Zm-7.82.14-3.8.28 2.92 2.54-.9 3.77L7.4 9.63l3.16 2.06-.9-3.77 2.9-2.54L8.8 5.1 7.4 1.53 6.03 5.1Z\\" clip-rule=\\"evenodd\\"></path></symbol><symbol data-v-4210ace4=\\"\\" viewBox=\\"0 0 14 13\\" id=\\"solid\\"><path data-v-4210ace4=\\"\\" fill-rule=\\"evenodd\\" d=\\"M13.48 4.96a.38.38 0 0 0-.33-.27l-4.19-.3L7.4.32a.38.38 0 0 0-.35-.25.38.38 0 0 0-.34.25L5.12 4.38l-4.18.3a.38.38 0 0 0-.33.28.4.4 0 0 0 .11.42l3.22 2.8-1.02 4.25a.4.4 0 0 0 .14.41.37.37 0 0 0 .43.02l3.56-2.32 3.55 2.32a.36.36 0 0 0 .42-.02.4.4 0 0 0 .15-.41l-1.02-4.24 3.22-2.81a.4.4 0 0 0 .11-.42Z\\" clip-rule=\\"evenodd\\"></path></symbol></defs></svg></div><!--teleport end--></span></div><input data-v-241505e3=\\"\\" type=\\"hidden\\" value=\\"\\">
</div>"
`;

exports[`Vue Rating Input: default props > shoud load Rating Input component template 1`] = `
"<div data-v-241505e3=\\"\\" class=\\"rating-input\\">
  <div data-v-241505e3=\\"\\" class=\\"rating-input__items\\"><span data-v-241505e3=\\"\\" type=\\"button\\" class=\\"rating-input__item\\"><svg data-v-4210ace4=\\"\\" class=\\"rating-svg-icon\\" fill=\\"#ffb74b\\" height=\\"2rem\\" width=\\"2rem\\"><use data-v-4210ace4=\\"\\" xlink:href=\\"#outline\\"></use></svg><!--teleport start--><!--teleport end--></span><span data-v-241505e3=\\"\\" type=\\"button\\" class=\\"rating-input__item\\"><svg data-v-4210ace4=\\"\\" class=\\"rating-svg-icon\\" fill=\\"#ffb74b\\" height=\\"2rem\\" width=\\"2rem\\"><use data-v-4210ace4=\\"\\" xlink:href=\\"#outline\\"></use></svg><!--teleport start--><div data-v-4210ace4=\\"\\" class=\\"rating-svg-icons__defs\\"><svg data-v-4210ace4=\\"\\" xmlns=\\"http://www.w3.org/2000/svg\\" xmlns:xlink=\\"http://www.w3.org/1999/xlink\\"><defs data-v-4210ace4=\\"\\"><symbol data-v-4210ace4=\\"\\" viewBox=\\"0 0 14 13\\" id=\\"outline\\"><path data-v-4210ace4=\\"\\" fill-rule=\\"evenodd\\" d=\\"M13.85 4.96a.38.38 0 0 0-.34-.27l-4.18-.3L7.75.32A.38.38 0 0 0 7.4.08a.38.38 0 0 0-.35.25L5.5 4.38l-4.2.3a.38.38 0 0 0-.32.27.4.4 0 0 0 .11.43l3.22 2.8-1.02 4.25a.4.4 0 0 0 .14.41.36.36 0 0 0 .42.02l3.56-2.32 3.56 2.32c.06.04.13.06.2.06a.38.38 0 0 0 .22-.08.4.4 0 0 0 .15-.41L10.5 8.19l3.22-2.81a.4.4 0 0 0 .12-.42Zm-7.82.14-3.8.28 2.92 2.54-.9 3.77L7.4 9.63l3.16 2.06-.9-3.77 2.9-2.54L8.8 5.1 7.4 1.53 6.03 5.1Z\\" clip-rule=\\"evenodd\\"></path></symbol><symbol data-v-4210ace4=\\"\\" viewBox=\\"0 0 14 13\\" id=\\"solid\\"><path data-v-4210ace4=\\"\\" fill-rule=\\"evenodd\\" d=\\"M13.48 4.96a.38.38 0 0 0-.33-.27l-4.19-.3L7.4.32a.38.38 0 0 0-.35-.25.38.38 0 0 0-.34.25L5.12 4.38l-4.18.3a.38.38 0 0 0-.33.28.4.4 0 0 0 .11.42l3.22 2.8-1.02 4.25a.4.4 0 0 0 .14.41.37.37 0 0 0 .43.02l3.56-2.32 3.55 2.32a.36.36 0 0 0 .42-.02.4.4 0 0 0 .15-.41l-1.02-4.24 3.22-2.81a.4.4 0 0 0 .11-.42Z\\" clip-rule=\\"evenodd\\"></path></symbol></defs></svg></div><!--teleport end--></span><span data-v-241505e3=\\"\\" type=\\"button\\" class=\\"rating-input__item\\"><svg data-v-4210ace4=\\"\\" class=\\"rating-svg-icon\\" fill=\\"#ffb74b\\" height=\\"2rem\\" width=\\"2rem\\"><use data-v-4210ace4=\\"\\" xlink:href=\\"#outline\\"></use></svg><!--teleport start--><div data-v-4210ace4=\\"\\" class=\\"rating-svg-icons__defs\\"><svg data-v-4210ace4=\\"\\" xmlns=\\"http://www.w3.org/2000/svg\\" xmlns:xlink=\\"http://www.w3.org/1999/xlink\\"><defs data-v-4210ace4=\\"\\"><symbol data-v-4210ace4=\\"\\" viewBox=\\"0 0 14 13\\" id=\\"outline\\"><path data-v-4210ace4=\\"\\" fill-rule=\\"evenodd\\" d=\\"M13.85 4.96a.38.38 0 0 0-.34-.27l-4.18-.3L7.75.32A.38.38 0 0 0 7.4.08a.38.38 0 0 0-.35.25L5.5 4.38l-4.2.3a.38.38 0 0 0-.32.27.4.4 0 0 0 .11.43l3.22 2.8-1.02 4.25a.4.4 0 0 0 .14.41.36.36 0 0 0 .42.02l3.56-2.32 3.56 2.32c.06.04.13.06.2.06a.38.38 0 0 0 .22-.08.4.4 0 0 0 .15-.41L10.5 8.19l3.22-2.81a.4.4 0 0 0 .12-.42Zm-7.82.14-3.8.28 2.92 2.54-.9 3.77L7.4 9.63l3.16 2.06-.9-3.77 2.9-2.54L8.8 5.1 7.4 1.53 6.03 5.1Z\\" clip-rule=\\"evenodd\\"></path></symbol><symbol data-v-4210ace4=\\"\\" viewBox=\\"0 0 14 13\\" id=\\"solid\\"><path data-v-4210ace4=\\"\\" fill-rule=\\"evenodd\\" d=\\"M13.48 4.96a.38.38 0 0 0-.33-.27l-4.19-.3L7.4.32a.38.38 0 0 0-.35-.25.38.38 0 0 0-.34.25L5.12 4.38l-4.18.3a.38.38 0 0 0-.33.28.4.4 0 0 0 .11.42l3.22 2.8-1.02 4.25a.4.4 0 0 0 .14.41.37.37 0 0 0 .43.02l3.56-2.32 3.55 2.32a.36.36 0 0 0 .42-.02.4.4 0 0 0 .15-.41l-1.02-4.24 3.22-2.81a.4.4 0 0 0 .11-.42Z\\" clip-rule=\\"evenodd\\"></path></symbol></defs></svg></div><!--teleport end--></span><span data-v-241505e3=\\"\\" type=\\"button\\" class=\\"rating-input__item\\"><svg data-v-4210ace4=\\"\\" class=\\"rating-svg-icon\\" fill=\\"#ffb74b\\" height=\\"2rem\\" width=\\"2rem\\"><use data-v-4210ace4=\\"\\" xlink:href=\\"#outline\\"></use></svg><!--teleport start--><div data-v-4210ace4=\\"\\" class=\\"rating-svg-icons__defs\\"><svg data-v-4210ace4=\\"\\" xmlns=\\"http://www.w3.org/2000/svg\\" xmlns:xlink=\\"http://www.w3.org/1999/xlink\\"><defs data-v-4210ace4=\\"\\"><symbol data-v-4210ace4=\\"\\" viewBox=\\"0 0 14 13\\" id=\\"outline\\"><path data-v-4210ace4=\\"\\" fill-rule=\\"evenodd\\" d=\\"M13.85 4.96a.38.38 0 0 0-.34-.27l-4.18-.3L7.75.32A.38.38 0 0 0 7.4.08a.38.38 0 0 0-.35.25L5.5 4.38l-4.2.3a.38.38 0 0 0-.32.27.4.4 0 0 0 .11.43l3.22 2.8-1.02 4.25a.4.4 0 0 0 .14.41.36.36 0 0 0 .42.02l3.56-2.32 3.56 2.32c.06.04.13.06.2.06a.38.38 0 0 0 .22-.08.4.4 0 0 0 .15-.41L10.5 8.19l3.22-2.81a.4.4 0 0 0 .12-.42Zm-7.82.14-3.8.28 2.92 2.54-.9 3.77L7.4 9.63l3.16 2.06-.9-3.77 2.9-2.54L8.8 5.1 7.4 1.53 6.03 5.1Z\\" clip-rule=\\"evenodd\\"></path></symbol><symbol data-v-4210ace4=\\"\\" viewBox=\\"0 0 14 13\\" id=\\"solid\\"><path data-v-4210ace4=\\"\\" fill-rule=\\"evenodd\\" d=\\"M13.48 4.96a.38.38 0 0 0-.33-.27l-4.19-.3L7.4.32a.38.38 0 0 0-.35-.25.38.38 0 0 0-.34.25L5.12 4.38l-4.18.3a.38.38 0 0 0-.33.28.4.4 0 0 0 .11.42l3.22 2.8-1.02 4.25a.4.4 0 0 0 .14.41.37.37 0 0 0 .43.02l3.56-2.32 3.55 2.32a.36.36 0 0 0 .42-.02.4.4 0 0 0 .15-.41l-1.02-4.24 3.22-2.81a.4.4 0 0 0 .11-.42Z\\" clip-rule=\\"evenodd\\"></path></symbol></defs></svg></div><!--teleport end--></span><span data-v-241505e3=\\"\\" type=\\"button\\" class=\\"rating-input__item\\"><svg data-v-4210ace4=\\"\\" class=\\"rating-svg-icon\\" fill=\\"#ffb74b\\" height=\\"2rem\\" width=\\"2rem\\"><use data-v-4210ace4=\\"\\" xlink:href=\\"#outline\\"></use></svg><!--teleport start--><div data-v-4210ace4=\\"\\" class=\\"rating-svg-icons__defs\\"><svg data-v-4210ace4=\\"\\" xmlns=\\"http://www.w3.org/2000/svg\\" xmlns:xlink=\\"http://www.w3.org/1999/xlink\\"><defs data-v-4210ace4=\\"\\"><symbol data-v-4210ace4=\\"\\" viewBox=\\"0 0 14 13\\" id=\\"outline\\"><path data-v-4210ace4=\\"\\" fill-rule=\\"evenodd\\" d=\\"M13.85 4.96a.38.38 0 0 0-.34-.27l-4.18-.3L7.75.32A.38.38 0 0 0 7.4.08a.38.38 0 0 0-.35.25L5.5 4.38l-4.2.3a.38.38 0 0 0-.32.27.4.4 0 0 0 .11.43l3.22 2.8-1.02 4.25a.4.4 0 0 0 .14.41.36.36 0 0 0 .42.02l3.56-2.32 3.56 2.32c.06.04.13.06.2.06a.38.38 0 0 0 .22-.08.4.4 0 0 0 .15-.41L10.5 8.19l3.22-2.81a.4.4 0 0 0 .12-.42Zm-7.82.14-3.8.28 2.92 2.54-.9 3.77L7.4 9.63l3.16 2.06-.9-3.77 2.9-2.54L8.8 5.1 7.4 1.53 6.03 5.1Z\\" clip-rule=\\"evenodd\\"></path></symbol><symbol data-v-4210ace4=\\"\\" viewBox=\\"0 0 14 13\\" id=\\"solid\\"><path data-v-4210ace4=\\"\\" fill-rule=\\"evenodd\\" d=\\"M13.48 4.96a.38.38 0 0 0-.33-.27l-4.19-.3L7.4.32a.38.38 0 0 0-.35-.25.38.38 0 0 0-.34.25L5.12 4.38l-4.18.3a.38.38 0 0 0-.33.28.4.4 0 0 0 .11.42l3.22 2.8-1.02 4.25a.4.4 0 0 0 .14.41.37.37 0 0 0 .43.02l3.56-2.32 3.55 2.32a.36.36 0 0 0 .42-.02.4.4 0 0 0 .15-.41l-1.02-4.24 3.22-2.81a.4.4 0 0 0 .11-.42Z\\" clip-rule=\\"evenodd\\"></path></symbol></defs></svg></div><!--teleport end--></span></div><input data-v-241505e3=\\"\\" type=\\"hidden\\" value=\\"\\">
</div>"
`;

exports[`shoud load Composer component 1`] = `
"<div data-v-241505e3=\\"\\" class=\\"rating-input\\">
  <div data-v-241505e3=\\"\\" class=\\"rating-input__items\\"><span data-v-241505e3=\\"\\" type=\\"button\\" class=\\"rating-input__item\\"><svg data-v-4210ace4=\\"\\" class=\\"rating-svg-icon\\" fill=\\"#ffb74b\\" height=\\"2rem\\" width=\\"2rem\\"><use data-v-4210ace4=\\"\\" xlink:href=\\"#outline\\"></use></svg><!--teleport start--><!--teleport end--></span><span data-v-241505e3=\\"\\" type=\\"button\\" class=\\"rating-input__item\\"><svg data-v-4210ace4=\\"\\" class=\\"rating-svg-icon\\" fill=\\"#ffb74b\\" height=\\"2rem\\" width=\\"2rem\\"><use data-v-4210ace4=\\"\\" xlink:href=\\"#outline\\"></use></svg><!--teleport start--><div data-v-4210ace4=\\"\\" class=\\"rating-svg-icons__defs\\"><svg data-v-4210ace4=\\"\\" xmlns=\\"http://www.w3.org/2000/svg\\" xmlns:xlink=\\"http://www.w3.org/1999/xlink\\"><defs data-v-4210ace4=\\"\\"><symbol data-v-4210ace4=\\"\\" viewBox=\\"0 0 14 13\\" id=\\"outline\\"><path data-v-4210ace4=\\"\\" fill-rule=\\"evenodd\\" d=\\"M13.85 4.96a.38.38 0 0 0-.34-.27l-4.18-.3L7.75.32A.38.38 0 0 0 7.4.08a.38.38 0 0 0-.35.25L5.5 4.38l-4.2.3a.38.38 0 0 0-.32.27.4.4 0 0 0 .11.43l3.22 2.8-1.02 4.25a.4.4 0 0 0 .14.41.36.36 0 0 0 .42.02l3.56-2.32 3.56 2.32c.06.04.13.06.2.06a.38.38 0 0 0 .22-.08.4.4 0 0 0 .15-.41L10.5 8.19l3.22-2.81a.4.4 0 0 0 .12-.42Zm-7.82.14-3.8.28 2.92 2.54-.9 3.77L7.4 9.63l3.16 2.06-.9-3.77 2.9-2.54L8.8 5.1 7.4 1.53 6.03 5.1Z\\" clip-rule=\\"evenodd\\"></path></symbol><symbol data-v-4210ace4=\\"\\" viewBox=\\"0 0 14 13\\" id=\\"solid\\"><path data-v-4210ace4=\\"\\" fill-rule=\\"evenodd\\" d=\\"M13.48 4.96a.38.38 0 0 0-.33-.27l-4.19-.3L7.4.32a.38.38 0 0 0-.35-.25.38.38 0 0 0-.34.25L5.12 4.38l-4.18.3a.38.38 0 0 0-.33.28.4.4 0 0 0 .11.42l3.22 2.8-1.02 4.25a.4.4 0 0 0 .14.41.37.37 0 0 0 .43.02l3.56-2.32 3.55 2.32a.36.36 0 0 0 .42-.02.4.4 0 0 0 .15-.41l-1.02-4.24 3.22-2.81a.4.4 0 0 0 .11-.42Z\\" clip-rule=\\"evenodd\\"></path></symbol></defs></svg></div><!--teleport end--></span><span data-v-241505e3=\\"\\" type=\\"button\\" class=\\"rating-input__item\\"><svg data-v-4210ace4=\\"\\" class=\\"rating-svg-icon\\" fill=\\"#ffb74b\\" height=\\"2rem\\" width=\\"2rem\\"><use data-v-4210ace4=\\"\\" xlink:href=\\"#outline\\"></use></svg><!--teleport start--><div data-v-4210ace4=\\"\\" class=\\"rating-svg-icons__defs\\"><svg data-v-4210ace4=\\"\\" xmlns=\\"http://www.w3.org/2000/svg\\" xmlns:xlink=\\"http://www.w3.org/1999/xlink\\"><defs data-v-4210ace4=\\"\\"><symbol data-v-4210ace4=\\"\\" viewBox=\\"0 0 14 13\\" id=\\"outline\\"><path data-v-4210ace4=\\"\\" fill-rule=\\"evenodd\\" d=\\"M13.85 4.96a.38.38 0 0 0-.34-.27l-4.18-.3L7.75.32A.38.38 0 0 0 7.4.08a.38.38 0 0 0-.35.25L5.5 4.38l-4.2.3a.38.38 0 0 0-.32.27.4.4 0 0 0 .11.43l3.22 2.8-1.02 4.25a.4.4 0 0 0 .14.41.36.36 0 0 0 .42.02l3.56-2.32 3.56 2.32c.06.04.13.06.2.06a.38.38 0 0 0 .22-.08.4.4 0 0 0 .15-.41L10.5 8.19l3.22-2.81a.4.4 0 0 0 .12-.42Zm-7.82.14-3.8.28 2.92 2.54-.9 3.77L7.4 9.63l3.16 2.06-.9-3.77 2.9-2.54L8.8 5.1 7.4 1.53 6.03 5.1Z\\" clip-rule=\\"evenodd\\"></path></symbol><symbol data-v-4210ace4=\\"\\" viewBox=\\"0 0 14 13\\" id=\\"solid\\"><path data-v-4210ace4=\\"\\" fill-rule=\\"evenodd\\" d=\\"M13.48 4.96a.38.38 0 0 0-.33-.27l-4.19-.3L7.4.32a.38.38 0 0 0-.35-.25.38.38 0 0 0-.34.25L5.12 4.38l-4.18.3a.38.38 0 0 0-.33.28.4.4 0 0 0 .11.42l3.22 2.8-1.02 4.25a.4.4 0 0 0 .14.41.37.37 0 0 0 .43.02l3.56-2.32 3.55 2.32a.36.36 0 0 0 .42-.02.4.4 0 0 0 .15-.41l-1.02-4.24 3.22-2.81a.4.4 0 0 0 .11-.42Z\\" clip-rule=\\"evenodd\\"></path></symbol></defs></svg></div><!--teleport end--></span><span data-v-241505e3=\\"\\" type=\\"button\\" class=\\"rating-input__item\\"><svg data-v-4210ace4=\\"\\" class=\\"rating-svg-icon\\" fill=\\"#ffb74b\\" height=\\"2rem\\" width=\\"2rem\\"><use data-v-4210ace4=\\"\\" xlink:href=\\"#outline\\"></use></svg><!--teleport start--><div data-v-4210ace4=\\"\\" class=\\"rating-svg-icons__defs\\"><svg data-v-4210ace4=\\"\\" xmlns=\\"http://www.w3.org/2000/svg\\" xmlns:xlink=\\"http://www.w3.org/1999/xlink\\"><defs data-v-4210ace4=\\"\\"><symbol data-v-4210ace4=\\"\\" viewBox=\\"0 0 14 13\\" id=\\"outline\\"><path data-v-4210ace4=\\"\\" fill-rule=\\"evenodd\\" d=\\"M13.85 4.96a.38.38 0 0 0-.34-.27l-4.18-.3L7.75.32A.38.38 0 0 0 7.4.08a.38.38 0 0 0-.35.25L5.5 4.38l-4.2.3a.38.38 0 0 0-.32.27.4.4 0 0 0 .11.43l3.22 2.8-1.02 4.25a.4.4 0 0 0 .14.41.36.36 0 0 0 .42.02l3.56-2.32 3.56 2.32c.06.04.13.06.2.06a.38.38 0 0 0 .22-.08.4.4 0 0 0 .15-.41L10.5 8.19l3.22-2.81a.4.4 0 0 0 .12-.42Zm-7.82.14-3.8.28 2.92 2.54-.9 3.77L7.4 9.63l3.16 2.06-.9-3.77 2.9-2.54L8.8 5.1 7.4 1.53 6.03 5.1Z\\" clip-rule=\\"evenodd\\"></path></symbol><symbol data-v-4210ace4=\\"\\" viewBox=\\"0 0 14 13\\" id=\\"solid\\"><path data-v-4210ace4=\\"\\" fill-rule=\\"evenodd\\" d=\\"M13.48 4.96a.38.38 0 0 0-.33-.27l-4.19-.3L7.4.32a.38.38 0 0 0-.35-.25.38.38 0 0 0-.34.25L5.12 4.38l-4.18.3a.38.38 0 0 0-.33.28.4.4 0 0 0 .11.42l3.22 2.8-1.02 4.25a.4.4 0 0 0 .14.41.37.37 0 0 0 .43.02l3.56-2.32 3.55 2.32a.36.36 0 0 0 .42-.02.4.4 0 0 0 .15-.41l-1.02-4.24 3.22-2.81a.4.4 0 0 0 .11-.42Z\\" clip-rule=\\"evenodd\\"></path></symbol></defs></svg></div><!--teleport end--></span><span data-v-241505e3=\\"\\" type=\\"button\\" class=\\"rating-input__item\\"><svg data-v-4210ace4=\\"\\" class=\\"rating-svg-icon\\" fill=\\"#ffb74b\\" height=\\"2rem\\" width=\\"2rem\\"><use data-v-4210ace4=\\"\\" xlink:href=\\"#outline\\"></use></svg><!--teleport start--><div data-v-4210ace4=\\"\\" class=\\"rating-svg-icons__defs\\"><svg data-v-4210ace4=\\"\\" xmlns=\\"http://www.w3.org/2000/svg\\" xmlns:xlink=\\"http://www.w3.org/1999/xlink\\"><defs data-v-4210ace4=\\"\\"><symbol data-v-4210ace4=\\"\\" viewBox=\\"0 0 14 13\\" id=\\"outline\\"><path data-v-4210ace4=\\"\\" fill-rule=\\"evenodd\\" d=\\"M13.85 4.96a.38.38 0 0 0-.34-.27l-4.18-.3L7.75.32A.38.38 0 0 0 7.4.08a.38.38 0 0 0-.35.25L5.5 4.38l-4.2.3a.38.38 0 0 0-.32.27.4.4 0 0 0 .11.43l3.22 2.8-1.02 4.25a.4.4 0 0 0 .14.41.36.36 0 0 0 .42.02l3.56-2.32 3.56 2.32c.06.04.13.06.2.06a.38.38 0 0 0 .22-.08.4.4 0 0 0 .15-.41L10.5 8.19l3.22-2.81a.4.4 0 0 0 .12-.42Zm-7.82.14-3.8.28 2.92 2.54-.9 3.77L7.4 9.63l3.16 2.06-.9-3.77 2.9-2.54L8.8 5.1 7.4 1.53 6.03 5.1Z\\" clip-rule=\\"evenodd\\"></path></symbol><symbol data-v-4210ace4=\\"\\" viewBox=\\"0 0 14 13\\" id=\\"solid\\"><path data-v-4210ace4=\\"\\" fill-rule=\\"evenodd\\" d=\\"M13.48 4.96a.38.38 0 0 0-.33-.27l-4.19-.3L7.4.32a.38.38 0 0 0-.35-.25.38.38 0 0 0-.34.25L5.12 4.38l-4.18.3a.38.38 0 0 0-.33.28.4.4 0 0 0 .11.42l3.22 2.8-1.02 4.25a.4.4 0 0 0 .14.41.37.37 0 0 0 .43.02l3.56-2.32 3.55 2.32a.36.36 0 0 0 .42-.02.4.4 0 0 0 .15-.41l-1.02-4.24 3.22-2.81a.4.4 0 0 0 .11-.42Z\\" clip-rule=\\"evenodd\\"></path></symbol></defs></svg></div><!--teleport end--></span></div><input data-v-241505e3=\\"\\" type=\\"hidden\\" value=\\"\\">
</div>"
`;
